======================================================================
  PROBLEM DATA
======================================================================

  DEVELOPERS:
  Name        Frontend  Backend  Database  Testing  Hours
  ────────── ───────── ──────── ───────── ──────── ──────
  Alice              9        4         3        5    35h
  Bob                3        8         6        4    40h
  Carol              7        5         4        8    30h
  Dave               2        9         7        3    40h
  Eve                6        3         2        9    35h
  Frank              4        7         9        5    40h
  Grace              8        6         5        7    25h
  Hank               5        5         8        6    35h

  TASKS:
  Task                   Skill       Hours  Priority
  ────────────────────── ────────── ────── ─────────
  Login UI               Frontend       8h         5
  Dashboard              Frontend      12h         4
  REST API               Backend       10h         5
  Auth Service           Backend        8h         5
  DB Migration           Database       6h         4
  Query Optimizer        Database      10h         3
  Unit Tests             Testing        8h         4
  Integration Tests      Testing       12h         5
  Search Feature         Frontend      10h         3
  Cache Layer            Backend        6h         3
  Data Pipeline          Database       8h         4
  E2E Tests              Testing       10h         4

  Total task hours: 108h | Total capacity: 280h | Utilization target: 38.6%

======================================================================
  GA FOR SOFTWARE DEVELOPER ASSIGNMENT
======================================================================
  12 tasks, 8 developers
  Search space: 8^12 = 68,719,476,736
  Pop=80 | Gens=150 | Cx=0.85 | Mut=0.083
  Weights: skill=0.5, overload=0.3, balance=0.2

  Gen        Best     Mean Status
  ────── ──────── ──────── ────────────────────
  0        0.4935   0.4183 
  1        0.5013   0.4438 ★ NEW BEST
  2        0.5442   0.4622 ★ NEW BEST
  5        0.5487   0.5045 ★ NEW BEST
  6        0.5672   0.5122 ★ NEW BEST
  8        0.5825   0.5295 ★ NEW BEST
  10       0.5825   0.5394 
  11       0.5826   0.5438 ★ NEW BEST
  12       0.5827   0.5467 ★ NEW BEST
  13       0.5913   0.5515 ★ NEW BEST
  15       0.5961   0.5486 ★ NEW BEST
  17       0.5985   0.5596 ★ NEW BEST
  19       0.6016   0.5595 ★ NEW BEST
  20       0.6055   0.5643 ★ NEW BEST
  24       0.6090   0.5735 ★ NEW BEST
  29       0.6104   0.5748 ★ NEW BEST
  30       0.6104   0.5740 
  40       0.6105   0.5789 ★ NEW BEST
  43       0.6121   0.5866 ★ NEW BEST
  50       0.6121   0.5795 
  60       0.6121   0.5827 
  70       0.6121   0.5875 

  ⏹  Converged at generation 73

======================================================================
  BEST SOLUTION FOUND
======================================================================

  Chromosome: [0, 6, 1, 3, 5, 7, 4, 4, 0, 3, 5, 2]
  Fitness:    0.6121

  Developer  Tasks                                          Hours   Cap   Util Status
  ────────── ───────────────────────────────────────────── ────── ───── ────── ──────────
  Alice      Login UI, Search Feature                         18h   35h  51.4% ✓ OK
  Bob        REST API                                         10h   40h  25.0% ✓ OK
  Carol      E2E Tests                                        10h   30h  33.3% ✓ OK
  Dave       Auth Service, Cache Layer                        14h   40h  35.0% ✓ OK
  Eve        Unit Tests, Integration Tests                    20h   35h  57.1% ✓ OK
  Frank      DB Migration, Data Pipeline                      14h   40h  35.0% ✓ OK
  Grace      Dashboard                                        12h   25h  48.0% ✓ OK
  Hank       Query Optimizer                                  10h   35h  28.6% ✓ OK

  Skill Matches:
    Alice    → Login UI             needs Frontend   skill=9/10 ★★★
    Alice    → Search Feature       needs Frontend   skill=9/10 ★★★
    Bob      → REST API             needs Backend    skill=8/10 ★★★
    Carol    → E2E Tests            needs Testing    skill=8/10 ★★★
    Dave     → Auth Service         needs Backend    skill=9/10 ★★★
    Dave     → Cache Layer          needs Backend    skill=9/10 ★★★
    Eve      → Unit Tests           needs Testing    skill=9/10 ★★★
    Eve      → Integration Tests    needs Testing    skill=9/10 ★★★
    Frank    → DB Migration         needs Database   skill=9/10 ★★★
    Frank    → Data Pipeline        needs Database   skill=9/10 ★★★
    Grace    → Dashboard            needs Frontend   skill=8/10 ★★★
    Hank     → Query Optimizer      needs Database   skill=8/10 ★★★

──────────────────────────────────────────────────────────────────────
  FITNESS CONVERGENCE
──────────────────────────────────────────────────────────────────────
  │                                           ███████  0.6121
  │                   ███████████████████████████████
  │             █████████████████████████████████████
  │        ██████████████████████████████████████████
  │      ████████████████████████████████████████████
  │      ████████████████████████████████████████████
  │  ████████████████████████████████████████████████
  │  ████████████████████████████████████████████████
  │  ████████████████████████████████████████████████
  │  ████████████████████████████████████████████████
  │██████████████████████████████████████████████████  0.4935
  └──────────────────────────────────────────────────
   Gen 0                                        Gen 73

======================================================================
  SUBMISSION CHECKLIST
======================================================================

    □ Part A: Written answers (A1-A4)
    □ Part B: Completed code (evaluate, crossover, mutate) + output
    □ Part C: Parameter experiment table + analysis
    □ Part D: Written answers (D1-D2)

    Submit: This .py file with your code + a PDF with written answers.
    
