======================================================================
  PROBLEM DATA
======================================================================

  DEVELOPERS:
  Name        Frontend  Backend  Database  Testing  Hours
  ────────── ───────── ──────── ───────── ──────── ──────
  Alice              9        4         3        5    35h
  Bob                3        8         6        4    40h
  Carol              7        5         4        8    30h
  Dave               2        9         7        3    40h
  Eve                6        3         2        9    35h
  Frank              4        7         9        5    40h
  Grace              8        6         5        7    25h
  Hank               5        5         8        6    35h

  TASKS:
  Task                   Skill       Hours  Priority
  ────────────────────── ────────── ────── ─────────
  Login UI               Frontend       8h         5
  Dashboard              Frontend      12h         4
  REST API               Backend       10h         5
  Auth Service           Backend        8h         5
  DB Migration           Database       6h         4
  Query Optimizer        Database      10h         3
  Unit Tests             Testing        8h         4
  Integration Tests      Testing       12h         5
  Search Feature         Frontend      10h         3
  Cache Layer            Backend        6h         3
  Data Pipeline          Database       8h         4
  E2E Tests              Testing       10h         4

  Total task hours: 108h | Total capacity: 280h | Utilization target: 38.6%

======================================================================
  GA FOR SOFTWARE DEVELOPER ASSIGNMENT
======================================================================
  12 tasks, 8 developers
  Search space: 8^12 = 68,719,476,736
  Pop=80 | Gens=150 | Cx=0.85 | Mut=0.010
  Weights: skill=0.5, overload=0.3, balance=0.2

  Gen        Best     Mean Status
  ────── ──────── ──────── ────────────────────
  0        0.4935   0.4183 
  1        0.5245   0.4451 ★ NEW BEST
  2        0.5412   0.4671 ★ NEW BEST
  3        0.5592   0.4988 ★ NEW BEST
  4        0.5700   0.5183 ★ NEW BEST
  6        0.5761   0.5430 ★ NEW BEST
  7        0.5786   0.5549 ★ NEW BEST
  9        0.5839   0.5631 ★ NEW BEST
  10       0.5900   0.5665 ★ NEW BEST
  11       0.5951   0.5704 ★ NEW BEST
  13       0.5960   0.5769 ★ NEW BEST
  16       0.5991   0.5872 ★ NEW BEST
  20       0.5991   0.5966 
  23       0.6004   0.5967 ★ NEW BEST
  26       0.6025   0.5969 ★ NEW BEST
  30       0.6025   0.6001 
  40       0.6025   0.6010 
  50       0.6025   0.6012 

  ⏹  Converged at generation 56

======================================================================
  BEST SOLUTION FOUND
======================================================================

  Chromosome: [6, 0, 1, 3, 7, 5, 4, 4, 0, 3, 5, 2]
  Fitness:    0.6025

  Developer  Tasks                                          Hours   Cap   Util Status
  ────────── ───────────────────────────────────────────── ────── ───── ────── ──────────
  Alice      Dashboard, Search Feature                        22h   35h  62.9% ✓ OK
  Bob        REST API                                         10h   40h  25.0% ✓ OK
  Carol      E2E Tests                                        10h   30h  33.3% ✓ OK
  Dave       Auth Service, Cache Layer                        14h   40h  35.0% ✓ OK
  Eve        Unit Tests, Integration Tests                    20h   35h  57.1% ✓ OK
  Frank      Query Optimizer, Data Pipeline                   18h   40h  45.0% ✓ OK
  Grace      Login UI                                          8h   25h  32.0% ✓ OK
  Hank       DB Migration                                      6h   35h  17.1% ✓ OK

  Skill Matches:
    Alice    → Dashboard            needs Frontend   skill=9/10 ★★★
    Alice    → Search Feature       needs Frontend   skill=9/10 ★★★
    Bob      → REST API             needs Backend    skill=8/10 ★★★
    Carol    → E2E Tests            needs Testing    skill=8/10 ★★★
    Dave     → Auth Service         needs Backend    skill=9/10 ★★★
    Dave     → Cache Layer          needs Backend    skill=9/10 ★★★
    Eve      → Unit Tests           needs Testing    skill=9/10 ★★★
    Eve      → Integration Tests    needs Testing    skill=9/10 ★★★
    Frank    → Query Optimizer      needs Database   skill=9/10 ★★★
    Frank    → Data Pipeline        needs Database   skill=9/10 ★★★
    Grace    → Login UI             needs Frontend   skill=8/10 ★★★
    Hank     → DB Migration         needs Database   skill=8/10 ★★★

──────────────────────────────────────────────────────────────────────
  FITNESS CONVERGENCE
──────────────────────────────────────────────────────────────────────
  │                          ████████████████████████  0.6025
  │           ███████████████████████████████████████
  │         █████████████████████████████████████████
  │    ██████████████████████████████████████████████
  │   ███████████████████████████████████████████████
  │   ███████████████████████████████████████████████
  │  ████████████████████████████████████████████████
  │  ████████████████████████████████████████████████
  │ █████████████████████████████████████████████████
  │ █████████████████████████████████████████████████
  │██████████████████████████████████████████████████  0.4935
  └──────────────────────────────────────────────────
   Gen 0                                        Gen 56

======================================================================
  SUBMISSION CHECKLIST
======================================================================

    □ Part A: Written answers (A1-A4)
    □ Part B: Completed code (evaluate, crossover, mutate) + output
    □ Part C: Parameter experiment table + analysis
    □ Part D: Written answers (D1-D2)

    Submit: This .py file with your code + a PDF with written answers.
    
