======================================================================
  PROBLEM DATA
======================================================================

  DEVELOPERS:
  Name        Frontend  Backend  Database  Testing  Hours
  ────────── ───────── ──────── ───────── ──────── ──────
  Alice              9        4         3        5    35h
  Bob                3        8         6        4    40h
  Carol              7        5         4        8    30h
  Dave               2        9         7        3    40h
  Eve                6        3         2        9    35h
  Frank              4        7         9        5    40h
  Grace              8        6         5        7    25h
  Hank               5        5         8        6    35h

  TASKS:
  Task                   Skill       Hours  Priority
  ────────────────────── ────────── ────── ─────────
  Login UI               Frontend       8h         5
  Dashboard              Frontend      12h         4
  REST API               Backend       10h         5
  Auth Service           Backend        8h         5
  DB Migration           Database       6h         4
  Query Optimizer        Database      10h         3
  Unit Tests             Testing        8h         4
  Integration Tests      Testing       12h         5
  Search Feature         Frontend      10h         3
  Cache Layer            Backend        6h         3
  Data Pipeline          Database       8h         4
  E2E Tests              Testing       10h         4

  Total task hours: 108h | Total capacity: 280h | Utilization target: 38.6%

======================================================================
  GA FOR SOFTWARE DEVELOPER ASSIGNMENT
======================================================================
  12 tasks, 8 developers
  Search space: 8^12 = 68,719,476,736
  Pop=80 | Gens=150 | Cx=0.85 | Mut=0.100
  Weights: skill=0.5, overload=0.3, balance=0.2

  Gen        Best     Mean Status
  ────── ──────── ──────── ────────────────────
  0        0.4935   0.4183 
  1        0.5240   0.4402 ★ NEW BEST
  3        0.5326   0.4757 ★ NEW BEST
  4        0.5585   0.4907 ★ NEW BEST
  5        0.5637   0.5068 ★ NEW BEST
  6        0.5871   0.5257 ★ NEW BEST
  8        0.5875   0.5443 ★ NEW BEST
  9        0.6003   0.5466 ★ NEW BEST
  10       0.6003   0.5524 
  16       0.6015   0.5728 ★ NEW BEST
  20       0.6015   0.5711 
  29       0.6042   0.5701 ★ NEW BEST
  30       0.6042   0.5714 
  31       0.6061   0.5673 ★ NEW BEST
  40       0.6061   0.5742 
  50       0.6061   0.5719 
  60       0.6061   0.5738 

  ⏹  Converged at generation 61

======================================================================
  BEST SOLUTION FOUND
======================================================================

  Chromosome: [0, 0, 1, 3, 5, 5, 2, 4, 6, 3, 7, 4]
  Fitness:    0.6061

  Developer  Tasks                                          Hours   Cap   Util Status
  ────────── ───────────────────────────────────────────── ────── ───── ────── ──────────
  Alice      Login UI, Dashboard                              20h   35h  57.1% ✓ OK
  Bob        REST API                                         10h   40h  25.0% ✓ OK
  Carol      Unit Tests                                        8h   30h  26.7% ✓ OK
  Dave       Auth Service, Cache Layer                        14h   40h  35.0% ✓ OK
  Eve        Integration Tests, E2E Tests                     22h   35h  62.9% ✓ OK
  Frank      DB Migration, Query Optimizer                    16h   40h  40.0% ✓ OK
  Grace      Search Feature                                   10h   25h  40.0% ✓ OK
  Hank       Data Pipeline                                     8h   35h  22.9% ✓ OK

  Skill Matches:
    Alice    → Login UI             needs Frontend   skill=9/10 ★★★
    Alice    → Dashboard            needs Frontend   skill=9/10 ★★★
    Bob      → REST API             needs Backend    skill=8/10 ★★★
    Carol    → Unit Tests           needs Testing    skill=8/10 ★★★
    Dave     → Auth Service         needs Backend    skill=9/10 ★★★
    Dave     → Cache Layer          needs Backend    skill=9/10 ★★★
    Eve      → Integration Tests    needs Testing    skill=9/10 ★★★
    Eve      → E2E Tests            needs Testing    skill=9/10 ★★★
    Frank    → DB Migration         needs Database   skill=9/10 ★★★
    Frank    → Query Optimizer      needs Database   skill=9/10 ★★★
    Grace    → Search Feature       needs Frontend   skill=8/10 ★★★
    Hank     → Data Pipeline        needs Database   skill=8/10 ★★★

──────────────────────────────────────────────────────────────────────
  FITNESS CONVERGENCE
──────────────────────────────────────────────────────────────────────
  │                               ███████████████████  0.6061
  │         █████████████████████████████████████████
  │      ████████████████████████████████████████████
  │      ████████████████████████████████████████████
  │     █████████████████████████████████████████████
  │    ██████████████████████████████████████████████
  │    ██████████████████████████████████████████████
  │   ███████████████████████████████████████████████
  │ █████████████████████████████████████████████████
  │ █████████████████████████████████████████████████
  │██████████████████████████████████████████████████  0.4935
  └──────────────────────────────────────────────────
   Gen 0                                        Gen 61

======================================================================
  SUBMISSION CHECKLIST
======================================================================

    □ Part A: Written answers (A1-A4)
    □ Part B: Completed code (evaluate, crossover, mutate) + output
    □ Part C: Parameter experiment table + analysis
    □ Part D: Written answers (D1-D2)

    Submit: This .py file with your code + a PDF with written answers.
    
