======================================================================
  PROBLEM DATA
======================================================================

  DEVELOPERS:
  Name        Frontend  Backend  Database  Testing  Hours
  ────────── ───────── ──────── ───────── ──────── ──────
  Alice              9        4         3        5    35h
  Bob                3        8         6        4    40h
  Carol              7        5         4        8    30h
  Dave               2        9         7        3    40h
  Eve                6        3         2        9    35h
  Frank              4        7         9        5    40h
  Grace              8        6         5        7    25h
  Hank               5        5         8        6    35h

  TASKS:
  Task                   Skill       Hours  Priority
  ────────────────────── ────────── ────── ─────────
  Login UI               Frontend       8h         5
  Dashboard              Frontend      12h         4
  REST API               Backend       10h         5
  Auth Service           Backend        8h         5
  DB Migration           Database       6h         4
  Query Optimizer        Database      10h         3
  Unit Tests             Testing        8h         4
  Integration Tests      Testing       12h         5
  Search Feature         Frontend      10h         3
  Cache Layer            Backend        6h         3
  Data Pipeline          Database       8h         4
  E2E Tests              Testing       10h         4

  Total task hours: 108h | Total capacity: 280h | Utilization target: 38.6%

======================================================================
  GA FOR SOFTWARE DEVELOPER ASSIGNMENT
======================================================================
  12 tasks, 8 developers
  Search space: 8^12 = 68,719,476,736
  Pop=100 | Gens=150 | Cx=0.85 | Mut=0.083
  Weights: skill=0.5, overload=0.3, balance=0.2

  Gen        Best     Mean Status
  ────── ──────── ──────── ────────────────────
  0        0.4935   0.4192 
  1        0.5137   0.4405 ★ NEW BEST
  2        0.5171   0.4526 ★ NEW BEST
  3        0.5420   0.4646 ★ NEW BEST
  4        0.5448   0.4788 ★ NEW BEST
  5        0.5751   0.4906 ★ NEW BEST
  7        0.5803   0.5203 ★ NEW BEST
  8        0.5926   0.5270 ★ NEW BEST
  10       0.5957   0.5468 ★ NEW BEST
  11       0.5982   0.5515 ★ NEW BEST
  12       0.6028   0.5600 ★ NEW BEST
  15       0.6065   0.5654 ★ NEW BEST
  17       0.6080   0.5703 ★ NEW BEST
  20       0.6080   0.5723 
  29       0.6091   0.5843 ★ NEW BEST
  30       0.6091   0.5846 
  40       0.6091   0.5744 
  50       0.6091   0.5720 
  55       0.6116   0.5817 ★ NEW BEST
  60       0.6116   0.5792 
  70       0.6116   0.5839 
  80       0.6116   0.5850 

  ⏹  Converged at generation 85

======================================================================
  BEST SOLUTION FOUND
======================================================================

  Chromosome: [0, 0, 3, 1, 5, 7, 4, 2, 6, 3, 5, 4]
  Fitness:    0.6116

  Developer  Tasks                                          Hours   Cap   Util Status
  ────────── ───────────────────────────────────────────── ────── ───── ────── ──────────
  Alice      Login UI, Dashboard                              20h   35h  57.1% ✓ OK
  Bob        Auth Service                                      8h   40h  20.0% ✓ OK
  Carol      Integration Tests                                12h   30h  40.0% ✓ OK
  Dave       REST API, Cache Layer                            16h   40h  40.0% ✓ OK
  Eve        Unit Tests, E2E Tests                            18h   35h  51.4% ✓ OK
  Frank      DB Migration, Data Pipeline                      14h   40h  35.0% ✓ OK
  Grace      Search Feature                                   10h   25h  40.0% ✓ OK
  Hank       Query Optimizer                                  10h   35h  28.6% ✓ OK

  Skill Matches:
    Alice    → Login UI             needs Frontend   skill=9/10 ★★★
    Alice    → Dashboard            needs Frontend   skill=9/10 ★★★
    Bob      → Auth Service         needs Backend    skill=8/10 ★★★
    Carol    → Integration Tests    needs Testing    skill=8/10 ★★★
    Dave     → REST API             needs Backend    skill=9/10 ★★★
    Dave     → Cache Layer          needs Backend    skill=9/10 ★★★
    Eve      → Unit Tests           needs Testing    skill=9/10 ★★★
    Eve      → E2E Tests            needs Testing    skill=9/10 ★★★
    Frank    → DB Migration         needs Database   skill=9/10 ★★★
    Frank    → Data Pipeline        needs Database   skill=9/10 ★★★
    Grace    → Search Feature       needs Frontend   skill=8/10 ★★★
    Hank     → Query Optimizer      needs Database   skill=8/10 ★★★

──────────────────────────────────────────────────────────────────────
  FITNESS CONVERGENCE
──────────────────────────────────────────────────────────────────────
  │                                                    0.6116
  │            ██████████████████████████████████████
  │        ██████████████████████████████████████████
  │       ███████████████████████████████████████████
  │     █████████████████████████████████████████████
  │     █████████████████████████████████████████████
  │   ███████████████████████████████████████████████
  │   ███████████████████████████████████████████████
  │   ███████████████████████████████████████████████
  │ █████████████████████████████████████████████████
  │██████████████████████████████████████████████████  0.4935
  └──────────────────────────────────────────────────
   Gen 0                                        Gen 85

======================================================================
  SUBMISSION CHECKLIST
======================================================================

    □ Part A: Written answers (A1-A4)
    □ Part B: Completed code (evaluate, crossover, mutate) + output
    □ Part C: Parameter experiment table + analysis
    □ Part D: Written answers (D1-D2)

    Submit: This .py file with your code + a PDF with written answers.
    
