======================================================================
  PROBLEM DATA
======================================================================

  DEVELOPERS:
  Name        Frontend  Backend  Database  Testing  Hours
  ────────── ───────── ──────── ───────── ──────── ──────
  Alice              9        4         3        5    35h
  Bob                3        8         6        4    40h
  Carol              7        5         4        8    30h
  Dave               2        9         7        3    40h
  Eve                6        3         2        9    35h
  Frank              4        7         9        5    40h
  Grace              8        6         5        7    25h
  Hank               5        5         8        6    35h

  TASKS:
  Task                   Skill       Hours  Priority
  ────────────────────── ────────── ────── ─────────
  Login UI               Frontend       8h         5
  Dashboard              Frontend      12h         4
  REST API               Backend       10h         5
  Auth Service           Backend        8h         5
  DB Migration           Database       6h         4
  Query Optimizer        Database      10h         3
  Unit Tests             Testing        8h         4
  Integration Tests      Testing       12h         5
  Search Feature         Frontend      10h         3
  Cache Layer            Backend        6h         3
  Data Pipeline          Database       8h         4
  E2E Tests              Testing       10h         4

  Total task hours: 108h | Total capacity: 280h | Utilization target: 38.6%

======================================================================
  GA FOR SOFTWARE DEVELOPER ASSIGNMENT
======================================================================
  12 tasks, 8 developers
  Search space: 8^12 = 68,719,476,736
  Pop=30 | Gens=150 | Cx=0.85 | Mut=0.083
  Weights: skill=0.5, overload=0.3, balance=0.2

  Gen        Best     Mean Status
  ────── ──────── ──────── ────────────────────
  0        0.4935   0.4240 
  1        0.4973   0.4459 ★ NEW BEST
  2        0.5227   0.4778 ★ NEW BEST
  3        0.5341   0.4949 ★ NEW BEST
  4        0.5393   0.5007 ★ NEW BEST
  5        0.5546   0.5113 ★ NEW BEST
  6        0.5720   0.5175 ★ NEW BEST
  7        0.5854   0.5291 ★ NEW BEST
  10       0.5911   0.5494 ★ NEW BEST
  11       0.5963   0.5566 ★ NEW BEST
  20       0.5963   0.5737 
  23       0.5968   0.5806 ★ NEW BEST
  24       0.6002   0.5757 ★ NEW BEST
  30       0.6002   0.5770 
  40       0.6002   0.5825 
  50       0.6002   0.5847 

  ⏹  Converged at generation 54

======================================================================
  BEST SOLUTION FOUND
======================================================================

  Chromosome: [0, 0, 3, 3, 5, 1, 2, 4, 6, 1, 5, 7]
  Fitness:    0.6002

  Developer  Tasks                                          Hours   Cap   Util Status
  ────────── ───────────────────────────────────────────── ────── ───── ────── ──────────
  Alice      Login UI, Dashboard                              20h   35h  57.1% ✓ OK
  Bob        Query Optimizer, Cache Layer                     16h   40h  40.0% ✓ OK
  Carol      Unit Tests                                        8h   30h  26.7% ✓ OK
  Dave       REST API, Auth Service                           18h   40h  45.0% ✓ OK
  Eve        Integration Tests                                12h   35h  34.3% ✓ OK
  Frank      DB Migration, Data Pipeline                      14h   40h  35.0% ✓ OK
  Grace      Search Feature                                   10h   25h  40.0% ✓ OK
  Hank       E2E Tests                                        10h   35h  28.6% ✓ OK

  Skill Matches:
    Alice    → Login UI             needs Frontend   skill=9/10 ★★★
    Alice    → Dashboard            needs Frontend   skill=9/10 ★★★
    Bob      → Query Optimizer      needs Database   skill=6/10 ★★
    Bob      → Cache Layer          needs Backend    skill=8/10 ★★★
    Carol    → Unit Tests           needs Testing    skill=8/10 ★★★
    Dave     → REST API             needs Backend    skill=9/10 ★★★
    Dave     → Auth Service         needs Backend    skill=9/10 ★★★
    Eve      → Integration Tests    needs Testing    skill=9/10 ★★★
    Frank    → DB Migration         needs Database   skill=9/10 ★★★
    Frank    → Data Pipeline        needs Database   skill=9/10 ★★★
    Grace    → Search Feature       needs Frontend   skill=8/10 ★★★
    Hank     → E2E Tests            needs Testing    skill=6/10 ★★

──────────────────────────────────────────────────────────────────────
  FITNESS CONVERGENCE
──────────────────────────────────────────────────────────────────────
  │                        ██████████████████████████  0.6002
  │          ████████████████████████████████████████
  │       ███████████████████████████████████████████
  │      ████████████████████████████████████████████
  │      ████████████████████████████████████████████
  │     █████████████████████████████████████████████
  │    ██████████████████████████████████████████████
  │   ███████████████████████████████████████████████
  │  ████████████████████████████████████████████████
  │  ████████████████████████████████████████████████
  │██████████████████████████████████████████████████  0.4935
  └──────────────────────────────────────────────────
   Gen 0                                        Gen 54

======================================================================
  SUBMISSION CHECKLIST
======================================================================

    □ Part A: Written answers (A1-A4)
    □ Part B: Completed code (evaluate, crossover, mutate) + output
    □ Part C: Parameter experiment table + analysis
    □ Part D: Written answers (D1-D2)

    Submit: This .py file with your code + a PDF with written answers.
    
