======================================================================
  PROBLEM DATA
======================================================================

  DEVELOPERS:
  Name        Frontend  Backend  Database  Testing  Hours
  ────────── ───────── ──────── ───────── ──────── ──────
  Alice              9        4         3        5    35h
  Bob                3        8         6        4    40h
  Carol              7        5         4        8    30h
  Dave               2        9         7        3    40h
  Eve                6        3         2        9    35h
  Frank              4        7         9        5    40h
  Grace              8        6         5        7    25h
  Hank               5        5         8        6    35h

  TASKS:
  Task                   Skill       Hours  Priority
  ────────────────────── ────────── ────── ─────────
  Login UI               Frontend       8h         5
  Dashboard              Frontend      12h         4
  REST API               Backend       10h         5
  Auth Service           Backend        8h         5
  DB Migration           Database       6h         4
  Query Optimizer        Database      10h         3
  Unit Tests             Testing        8h         4
  Integration Tests      Testing       12h         5
  Search Feature         Frontend      10h         3
  Cache Layer            Backend        6h         3
  Data Pipeline          Database       8h         4
  E2E Tests              Testing       10h         4

  Total task hours: 108h | Total capacity: 280h | Utilization target: 38.6%

======================================================================
  GA FOR SOFTWARE DEVELOPER ASSIGNMENT
======================================================================
  12 tasks, 8 developers
  Search space: 8^12 = 68,719,476,736
  Pop=50 | Gens=150 | Cx=0.85 | Mut=0.083
  Weights: skill=0.5, overload=0.3, balance=0.2

  Gen        Best     Mean Status
  ────── ──────── ──────── ────────────────────
  0        0.4935   0.4194 
  1        0.5505   0.4482 ★ NEW BEST
  4        0.5819   0.4908 ★ NEW BEST
  8        0.5829   0.5412 ★ NEW BEST
  9        0.5948   0.5457 ★ NEW BEST
  10       0.5948   0.5470 
  12       0.5990   0.5614 ★ NEW BEST
  14       0.6037   0.5702 ★ NEW BEST
  20       0.6037   0.5841 
  30       0.6037   0.5767 
  33       0.6070   0.5839 ★ NEW BEST
  40       0.6070   0.5796 
  45       0.6081   0.5861 ★ NEW BEST
  50       0.6081   0.5870 
  60       0.6081   0.5841 
  70       0.6081   0.5773 

  ⏹  Converged at generation 75

======================================================================
  BEST SOLUTION FOUND
======================================================================

  Chromosome: [6, 0, 1, 3, 5, 7, 4, 2, 0, 3, 5, 4]
  Fitness:    0.6081

  Developer  Tasks                                          Hours   Cap   Util Status
  ────────── ───────────────────────────────────────────── ────── ───── ────── ──────────
  Alice      Dashboard, Search Feature                        22h   35h  62.9% ✓ OK
  Bob        REST API                                         10h   40h  25.0% ✓ OK
  Carol      Integration Tests                                12h   30h  40.0% ✓ OK
  Dave       Auth Service, Cache Layer                        14h   40h  35.0% ✓ OK
  Eve        Unit Tests, E2E Tests                            18h   35h  51.4% ✓ OK
  Frank      DB Migration, Data Pipeline                      14h   40h  35.0% ✓ OK
  Grace      Login UI                                          8h   25h  32.0% ✓ OK
  Hank       Query Optimizer                                  10h   35h  28.6% ✓ OK

  Skill Matches:
    Alice    → Dashboard            needs Frontend   skill=9/10 ★★★
    Alice    → Search Feature       needs Frontend   skill=9/10 ★★★
    Bob      → REST API             needs Backend    skill=8/10 ★★★
    Carol    → Integration Tests    needs Testing    skill=8/10 ★★★
    Dave     → Auth Service         needs Backend    skill=9/10 ★★★
    Dave     → Cache Layer          needs Backend    skill=9/10 ★★★
    Eve      → Unit Tests           needs Testing    skill=9/10 ★★★
    Eve      → E2E Tests            needs Testing    skill=9/10 ★★★
    Frank    → DB Migration         needs Database   skill=9/10 ★★★
    Frank    → Data Pipeline        needs Database   skill=9/10 ★★★
    Grace    → Login UI             needs Frontend   skill=8/10 ★★★
    Hank     → Query Optimizer      needs Database   skill=8/10 ★★★

──────────────────────────────────────────────────────────────────────
  FITNESS CONVERGENCE
──────────────────────────────────────────────────────────────────────
  │                                             █████  0.6081
  │            ██████████████████████████████████████
  │         █████████████████████████████████████████
  │    ██████████████████████████████████████████████
  │    ██████████████████████████████████████████████
  │    ██████████████████████████████████████████████
  │ █████████████████████████████████████████████████
  │ █████████████████████████████████████████████████
  │ █████████████████████████████████████████████████
  │ █████████████████████████████████████████████████
  │██████████████████████████████████████████████████  0.4935
  └──────────────────────────────────────────────────
   Gen 0                                        Gen 75

======================================================================
  SUBMISSION CHECKLIST
======================================================================

    □ Part A: Written answers (A1-A4)
    □ Part B: Completed code (evaluate, crossover, mutate) + output
    □ Part C: Parameter experiment table + analysis
    □ Part D: Written answers (D1-D2)

    Submit: This .py file with your code + a PDF with written answers.
    
